// Jest Snapshot v1, https://goo.gl/fbAQLP

exports[`Login will render the component 1`] = `
Object {
  "asFragment": [Function],
  "baseElement": <body>
    <div>
      <div
        class="mt-2 container"
        data-testid="login-page"
      >
        <div
          class="row"
        >
          <div
            class="col"
          >
            <h2>
              Employee Polls
            </h2>
            <img
              alt="Login"
              class=""
              src="login.png"
              width="350px"
            />
          </div>
        </div>
        <div
          class="row"
        >
          <div
            class="col"
          >
            <h2>
              Log In
            </h2>
            <form
              class=""
            >
              <div
                class="mt-2"
              >
                <label
                  class="form-label"
                  for="user"
                >
                  User
                </label>
                <input
                  class="form-control"
                  data-testid="user-id"
                  id="user"
                  name="user"
                  placeholder="User"
                  type="text"
                  value="johndoe"
                />
              </div>
              <div
                class="mt-2"
              >
                <label
                  class="form-label"
                  for="password"
                >
                  Password
                </label>
                <input
                  class="form-control"
                  data-testid="password"
                  id="password"
                  name="password"
                  placeholder="Password"
                  type="password"
                  value="johndoe"
                />
              </div>
              <button
                class="mt-5 btn btn-primary"
                data-testid="submit"
                type="submit"
              >
                Submit
              </button>
            </form>
          </div>
        </div>
      </div>
    </div>
  </body>,
  "container": <div>
    <div
      class="mt-2 container"
      data-testid="login-page"
    >
      <div
        class="row"
      >
        <div
          class="col"
        >
          <h2>
            Employee Polls
          </h2>
          <img
            alt="Login"
            class=""
            src="login.png"
            width="350px"
          />
        </div>
      </div>
      <div
        class="row"
      >
        <div
          class="col"
        >
          <h2>
            Log In
          </h2>
          <form
            class=""
          >
            <div
              class="mt-2"
            >
              <label
                class="form-label"
                for="user"
              >
                User
              </label>
              <input
                class="form-control"
                data-testid="user-id"
                id="user"
                name="user"
                placeholder="User"
                type="text"
                value="johndoe"
              />
            </div>
            <div
              class="mt-2"
            >
              <label
                class="form-label"
                for="password"
              >
                Password
              </label>
              <input
                class="form-control"
                data-testid="password"
                id="password"
                name="password"
                placeholder="Password"
                type="password"
                value="johndoe"
              />
            </div>
            <button
              class="mt-5 btn btn-primary"
              data-testid="submit"
              type="submit"
            >
              Submit
            </button>
          </form>
        </div>
      </div>
    </div>
  </div>,
  "debug": [Function],
  "findAllByAltText": [Function],
  "findAllByDisplayValue": [Function],
  "findAllByLabelText": [Function],
  "findAllByPlaceholderText": [Function],
  "findAllByRole": [Function],
  "findAllByTestId": [Function],
  "findAllByText": [Function],
  "findAllByTitle": [Function],
  "findByAltText": [Function],
  "findByDisplayValue": [Function],
  "findByLabelText": [Function],
  "findByPlaceholderText": [Function],
  "findByRole": [Function],
  "findByTestId": [Function],
  "findByText": [Function],
  "findByTitle": [Function],
  "getAllByAltText": [Function],
  "getAllByDisplayValue": [Function],
  "getAllByLabelText": [Function],
  "getAllByPlaceholderText": [Function],
  "getAllByRole": [Function],
  "getAllByTestId": [Function],
  "getAllByText": [Function],
  "getAllByTitle": [Function],
  "getByAltText": [Function],
  "getByDisplayValue": [Function],
  "getByLabelText": [Function],
  "getByPlaceholderText": [Function],
  "getByRole": [Function],
  "getByTestId": [Function],
  "getByText": [Function],
  "getByTitle": [Function],
  "queryAllByAltText": [Function],
  "queryAllByDisplayValue": [Function],
  "queryAllByLabelText": [Function],
  "queryAllByPlaceholderText": [Function],
  "queryAllByRole": [Function],
  "queryAllByTestId": [Function],
  "queryAllByText": [Function],
  "queryAllByTitle": [Function],
  "queryByAltText": [Function],
  "queryByDisplayValue": [Function],
  "queryByLabelText": [Function],
  "queryByPlaceholderText": [Function],
  "queryByRole": [Function],
  "queryByTestId": [Function],
  "queryByText": [Function],
  "queryByTitle": [Function],
  "rerender": [Function],
  "unmount": [Function],
}
`;
