// Jest Snapshot v1, https://goo.gl/fbAQLP

exports[`New will render the component 1`] = `
Object {
  "asFragment": [Function],
  "baseElement": <body>
    <div>
      <div
        class="mt-5 new container"
      >
        <div
          class="row"
        >
          <div
            class="col"
          >
            <h2>
              Would You Rather
            </h2>
            <span
              class="gray"
            >
              Create Your Own Poll
            </span>
            <form
              class="mt-5"
            >
              <div>
                <label
                  class="bold form-label"
                  for="user"
                >
                  First Option
                </label>
                <input
                  class="form-control"
                  data-testid="option-one"
                  id="user"
                  name="one"
                  placeholder="Option One"
                  type="text"
                  value=""
                />
              </div>
              <div
                class="mt-5"
              >
                <label
                  class="bold form-label"
                  for="password"
                >
                  Second Option
                </label>
                <input
                  class="form-control"
                  data-testid="option-two"
                  id="password"
                  name="two"
                  placeholder="Option Two"
                  type="text"
                  value=""
                />
              </div>
              <button
                class="mt-5 btn btn-primary"
                type="submit"
              >
                Submit
              </button>
            </form>
          </div>
        </div>
      </div>
    </div>
  </body>,
  "container": <div>
    <div
      class="mt-5 new container"
    >
      <div
        class="row"
      >
        <div
          class="col"
        >
          <h2>
            Would You Rather
          </h2>
          <span
            class="gray"
          >
            Create Your Own Poll
          </span>
          <form
            class="mt-5"
          >
            <div>
              <label
                class="bold form-label"
                for="user"
              >
                First Option
              </label>
              <input
                class="form-control"
                data-testid="option-one"
                id="user"
                name="one"
                placeholder="Option One"
                type="text"
                value=""
              />
            </div>
            <div
              class="mt-5"
            >
              <label
                class="bold form-label"
                for="password"
              >
                Second Option
              </label>
              <input
                class="form-control"
                data-testid="option-two"
                id="password"
                name="two"
                placeholder="Option Two"
                type="text"
                value=""
              />
            </div>
            <button
              class="mt-5 btn btn-primary"
              type="submit"
            >
              Submit
            </button>
          </form>
        </div>
      </div>
    </div>
  </div>,
  "debug": [Function],
  "findAllByAltText": [Function],
  "findAllByDisplayValue": [Function],
  "findAllByLabelText": [Function],
  "findAllByPlaceholderText": [Function],
  "findAllByRole": [Function],
  "findAllByTestId": [Function],
  "findAllByText": [Function],
  "findAllByTitle": [Function],
  "findByAltText": [Function],
  "findByDisplayValue": [Function],
  "findByLabelText": [Function],
  "findByPlaceholderText": [Function],
  "findByRole": [Function],
  "findByTestId": [Function],
  "findByText": [Function],
  "findByTitle": [Function],
  "getAllByAltText": [Function],
  "getAllByDisplayValue": [Function],
  "getAllByLabelText": [Function],
  "getAllByPlaceholderText": [Function],
  "getAllByRole": [Function],
  "getAllByTestId": [Function],
  "getAllByText": [Function],
  "getAllByTitle": [Function],
  "getByAltText": [Function],
  "getByDisplayValue": [Function],
  "getByLabelText": [Function],
  "getByPlaceholderText": [Function],
  "getByRole": [Function],
  "getByTestId": [Function],
  "getByText": [Function],
  "getByTitle": [Function],
  "queryAllByAltText": [Function],
  "queryAllByDisplayValue": [Function],
  "queryAllByLabelText": [Function],
  "queryAllByPlaceholderText": [Function],
  "queryAllByRole": [Function],
  "queryAllByTestId": [Function],
  "queryAllByText": [Function],
  "queryAllByTitle": [Function],
  "queryByAltText": [Function],
  "queryByDisplayValue": [Function],
  "queryByLabelText": [Function],
  "queryByPlaceholderText": [Function],
  "queryByRole": [Function],
  "queryByTestId": [Function],
  "queryByText": [Function],
  "queryByTitle": [Function],
  "rerender": [Function],
  "unmount": [Function],
}
`;
